// Jest Snapshot v1, https://goo.gl/fbAQLP

exports[`it displays a name 1`] = `
<button
  className="ui button"
  onClick={[Function]}
  tabIndex={undefined}
>
  Testing
</button>
`;
