// Jest Snapshot v1, https://goo.gl/fbAQLP

exports[`it displays the sign in form 1`] = `
<div>
  <form
    className="ui form"
    onSubmit={[Function]}
  >
    <div
      className="field"
    >
      <label>
        Email
      </label>
      <input
        name="email"
        onChange={[Function]}
        placeholder="Email"
        value=""
      />
    </div>
    <div
      className="field"
    >
      <label>
        Password
      </label>
      <input
        name="password"
        onChange={[Function]}
        placeholder="Password"
        type="password"
        value=""
      />
    </div>
    <button
      className="ui button"
      onClick={[Function]}
      tabIndex={undefined}
      type="submit"
    >
      Submit
    </button>
  </form>
  
</div>
`;
